../Core/Src/oled.c:53:6:OLED_Send	24	static
../Core/Src/oled.c:63:6:HAL_I2C_MasterTxCpltCallback	16	static
../Core/Src/oled.c:74:6:OLED_SendCmd	16	static
../Core/Src/oled.c:87:6:OLED_Init	8	static
../Core/Src/oled.c:151:6:OLED_DisPlay_On	8	static
../Core/Src/oled.c:161:6:OLED_DisPlay_Off	8	static
../Core/Src/oled.c:173:6:OLED_SetColorMode	16	static
../Core/Src/oled.c:190:6:OLED_NewFrame	8	static
../Core/Src/oled.c:199:6:OLED_ShowFrame	16	static
../Core/Src/oled.c:226:6:OLED_SetPixel	16	static
../Core/Src/oled.c:252:6:OLED_SetByte_Fine	16	static
../Core/Src/oled.c:278:6:OLED_SetByte	16	static
../Core/Src/oled.c:298:6:OLED_SetBits_Fine	40	static
../Core/Src/oled.c:326:6:OLED_SetBits	40	static
../Core/Src/oled.c:348:6:OLED_SetBlock	40	static
../Core/Src/oled.c:388:6:OLED_DrawLine	40	static
../Core/Src/oled.c:464:6:OLED_DrawRectangle	32	static
../Core/Src/oled.c:480:6:OLED_DrawFilledRectangle	40	static
../Core/Src/oled.c:498:6:OLED_DrawTriangle	32	static
../Core/Src/oled.c:515:6:OLED_DrawFilledTriangle	40	static
../Core/Src/oled.c:555:6:OLED_DrawCircle	32	static
../Core/Src/oled.c:591:6:OLED_DrawFilledCircle	40	static
../Core/Src/oled.c:626:6:OLED_DrawEllipse	56	static
../Core/Src/oled.c:675:6:OLED_DrawImage	32	static
../Core/Src/oled.c:690:6:OLED_PrintASCIIChar	32	static
../Core/Src/oled.c:703:6:OLED_PrintASCIIString	40	static
../Core/Src/oled.c:717:9:_OLED_GetUTF8Len	16	static
../Core/Src/oled.c:762:6:OLED_PrintString	56	static
../Core/Src/oled.c:811:13:OLED_ShowFrame_Blocking	24	static
